// Jest Snapshot v1, https://goo.gl/fbAQLP

exports[`Toolbutton should match snapshot 1`] = `
<v-card-stub loaderheight="4" tag="div">
  <v-card-title-stub>Create new board</v-card-title-stub>
  <v-card-text-stub>
    Create a new board? You can reopen this board by clicking on the <strong>Open</strong> button on the left side, or by saving and opening the URL at the top of your address bar.
  </v-card-text-stub>
  <v-card-actions-stub>
    <v-spacer-stub></v-spacer-stub>
    <v-btn-stub color="accent" tag="button" activeclass="" text="true" type="button">Cancel</v-btn-stub>
    <v-btn-stub color="primary" tag="button" activeclass="" type="button">Create new board</v-btn-stub>
  </v-card-actions-stub>
</v-card-stub>
`;
