// Jest Snapshot v1, https://goo.gl/fbAQLP

exports[`Toolbutton should match snapshot 1`] = `<iconbutton-stub icon="mdi-brush"></iconbutton-stub>`;
