// Jest Snapshot v1, https://goo.gl/fbAQLP

exports[`BoardTitle should match snapshot 1`] = `<iconbutton-stub icon="mdi-undo" class="undo-button"></iconbutton-stub>`;
